[client-1] SEND   Increment(counter=x, delta=1)                 L=1
[client-2] SEND   Increment(counter=y, delta=1)                 L=1
[client-3] SEND   Get(counter=x)                                L=1
[replica-A] RECV   Increment(counter=x, delta=1)                 L=2  (received L=1)
[replica-A] APPLY  counter=x -> 1                                L=3
[replica-A] SEND   IncrementReply(new_value=1)                   L=4
[client-1] RECV   IncrementReply(new_value=1)                   L=5  (received L=4)
[replica-A] RECV   Get(counter=x)                                L=5  (received L=1)
[client-1] SEND   Increment(counter=x, delta=1)                 L=6
[replica-A] SEND   GetReply(value=1, found=True)                 L=6
[client-3] RECV   GetReply(value=1, found=True)                 L=7  (received L=6)
[replica-A] RECV   Increment(counter=y, delta=1)                 L=7  (received L=1)
[client-3] SEND   Get(counter=x)                                L=8
[replica-A] APPLY  counter=y -> 1                                L=8
[replica-A] SEND   IncrementReply(new_value=1)                   L=9
[client-2] RECV   IncrementReply(new_value=1)                   L=10  (received L=9)
[replica-A] RECV   Increment(counter=x, delta=1)                 L=10  (received L=6)
[client-2] SEND   Increment(counter=y, delta=1)                 L=11
[replica-A] APPLY  counter=x -> 2                                L=11
[replica-A] SEND   IncrementReply(new_value=2)                   L=12
[client-1] RECV   IncrementReply(new_value=2)                   L=13  (received L=12)
[replica-A] RECV   Increment(counter=y, delta=1)                 L=13  (received L=11)
[replica-A] APPLY  counter=y -> 2                                L=14
[replica-A] SEND   IncrementReply(new_value=2)                   L=15
[client-2] RECV   IncrementReply(new_value=2)                   L=16  (received L=15)
[replica-A] RECV   Get(counter=x)                                L=16  (received L=8)
[replica-A] SEND   GetReply(value=2, found=True)                 L=17
[client-3] RECV   GetReply(value=2, found=True)                 L=18  (received L=17)
